     1 00000000                                 ; emulator test program
     2 00000000                                 
     3 00000000                                 [INSTRSET "i486p"]
     4 00000000                                 [BITS 32]
     5 00000000                                 
     6  = 000A0000                              VRAM	EQU	0xa0000
     7  = 00000140                              SCRNX	EQU	320
     8  = 000000C8                              SCRNY	EQU	200
     9 00000000                                 
    10 00000000                                 
    11                                          	ORG	0x7c00
    12 00007C00                                 
    13 00007C00                                 entry:
    14 00007C00 B8 00000000                     	MOV	EAX,0x00
    15 00007C05 40                              	INC	EAX
    16 00007C06 EB F8                           	JMP	entry
    17 00007C08                                 
    18 00007C08                                 
