     1 00000000                                 ; emulator test program
     2 00000000                                 
     3 00000000                                 [INSTRSET "i486p"]
     4 00000000                                 [BITS 32]
     5 00000000                                 
     6  = 000A0000                              VRAM	EQU	0xa0000
     7  = 00000140                              SCRNX	EQU	320
     8  = 000000C8                              SCRNY	EQU	200
     9 00000000                                 
    10 00000000                                 
    11                                          	ORG	0x7c00
    12 00007C00                                 
    13 00007C00                                 start:
    14 00007C00 B8 000000F1                     	MOV	EAX,0x00f1
    15 00007C05 BB 00000029                     	MOV	EBX,0x0029
    16 00007C0A E8 00000005                     	CALL	add_routine
    17 00007C0F E9 FFFF83EC                     	JMP	0
    18 00007C14                                 add_routine:
    19 00007C14 89 C1                           	MOV	ECX,EAX
    20 00007C16 01 D9                           	ADD	ECX,EBX
    21 00007C18                                 ;	JMP	0
    22 00007C18 C3                              	RET
